---
source: crates/moonwave_shader/src/test.rs
expression: vs
---
layout (location = 0) in vec3 a_position;
layout (location = 1) in vec2 a_uv;
void main() {
float var_4_0 = float(1.0000000);
vec3 var_5_0 = vec3(0.0000000,1.0000000,2.0000000);
var_0_0 = a_position;
var_0_1 = a_uv;
vec3 var_7_0 = var_0_0 * var_5_0;
vec4 var_8_0 = var_7_0[0];
vec4 var_8_1 = var_7_0[1];
vec4 var_8_2 = var_7_0[2];
vec4 var_8_3 = var_7_0[3];
vec4 var_9_0 = vec4(var_8_0,var_8_1,var_8_2,var_4_0);
gl_Position = var_9_0;
}

